<?xml version="1.0" encoding="UTF-8"?>
<logging>
  <dir>/etc</dir>
</logging>
